<html>
<body>
<pre>
<h1>µVision Build Log</h1>
<h2>Tool Versions:</h2>
IDE-Version: µVision V5.26.2.0
Copyright (C) 2018 ARM Ltd and ARM Germany GmbH. All rights reserved.
License Information: Caner Potur, METU, LIC=----
 
Tool Versions:
Toolchain:       MDK-Lite  Version: 5.26.2.0
Toolchain Path:  C:\Keil_v5\ARM\ARMCC\Bin
C Compiler:      Armcc.exe V5.06 update 6 (build 750)
Assembler:       Armasm.exe V5.06 update 6 (build 750)
Linker/Locator:  ArmLink.exe V5.06 update 6 (build 750)
Library Manager: ArmAr.exe V5.06 update 6 (build 750)
Hex Converter:   FromElf.exe V5.06 update 6 (build 750)
CPU DLL:         SARMCM3.DLL V5.26.2.0
Dialog DLL:      DCM.DLL V1.17.2.0
Target DLL:      lmidk-agdi.dll V???
Dialog DLL:      TCM.DLL V1.36.1.0
 
<h2>Project:</h2>
C:\Users\caner\Desktop\sade\systicktimer\BERKAY_PROJE\project\nokia.uvprojx
Project File Date:  01/20/2019

<h2>Output:</h2>
*** Using Compiler 'V5.06 update 6 (build 750)', folder: 'C:\Keil_v5\ARM\ARMCC\Bin'
Build target 'Target 1'
assembling NokiaCommands.s...
NokiaCommands.s(39): warning: A1488W: PROC/FUNC at line 36 in 'NokiaCommands.s' without matching ENDP/ENDFUNC
NokiaCommands.s(74): warning: A1865W: '#' not seen before constant expression
NokiaCommands.s(81): warning: A1865W: '#' not seen before constant expression
NokiaCommands.s(88): warning: A1865W: '#' not seen before constant expression
NokiaCommands.s(95): warning: A1865W: '#' not seen before constant expression
NokiaCommands.s(106): warning: A1865W: '#' not seen before constant expression
NokiaCommands.s(113): warning: A1865W: '#' not seen before constant expression
NokiaCommands.s(120): warning: A1865W: '#' not seen before constant expression
NokiaCommands.s(127): warning: A1865W: '#' not seen before constant expression
NokiaCommands.s(144): warning: A1865W: '#' not seen before constant expression
NokiaCommands.s(151): warning: A1865W: '#' not seen before constant expression
NokiaCommands.s(158): warning: A1865W: '#' not seen before constant expression
NokiaCommands.s(165): warning: A1865W: '#' not seen before constant expression
NokiaCommands.s(174): warning: A1865W: '#' not seen before constant expression
NokiaCommands.s(181): warning: A1865W: '#' not seen before constant expression
NokiaCommands.s(188): warning: A1865W: '#' not seen before constant expression
NokiaCommands.s(195): warning: A1865W: '#' not seen before constant expression
NokiaCommands.s(216): warning: A1865W: '#' not seen before constant expression
NokiaCommands.s(224): warning: A1865W: '#' not seen before constant expression
NokiaCommands.s(232): warning: A1865W: '#' not seen before constant expression
NokiaCommands.s(240): warning: A1865W: '#' not seen before constant expression
NokiaCommands.s(300): warning: A1865W: '#' not seen before constant expression
NokiaCommands.s(325): warning: A1865W: '#' not seen before constant expression
NokiaCommands.s(414): warning: A1488W: PROC/FUNC at line 378 in 'NokiaCommands.s' without matching ENDP/ENDFUNC
NokiaCommands.s(429): warning: A1865W: '#' not seen before constant expression
NokiaCommands.s(449): warning: A1865W: '#' not seen before constant expression
NokiaCommands.s(463): warning: A1865W: '#' not seen before constant expression
NokiaCommands.s(471): warning: A1865W: '#' not seen before constant expression
NokiaCommands.s(479): warning: A1865W: '#' not seen before constant expression
NokiaCommands.s(487): warning: A1865W: '#' not seen before constant expression
NokiaCommands.s(500): warning: A1865W: '#' not seen before constant expression
NokiaCommands.s(508): warning: A1865W: '#' not seen before constant expression
NokiaCommands.s(516): warning: A1865W: '#' not seen before constant expression
NokiaCommands.s(524): warning: A1865W: '#' not seen before constant expression
NokiaCommands.s(57): warning: A1581W: Added 2 bytes of padding at address 0x2a
NokiaCommands.s(251): warning: A1581W: Added 2 bytes of padding at address 0x286
NokiaCommands.s(404): warning: A1581W: Added 2 bytes of padding at address 0x39a
NokiaCommands.s(657): warning: A1581W: Added 2 bytes of padding at address 0x65e
NokiaCommands.s(1000): warning: A1581W: Added 2 bytes of padding at address 0xac2
linking...
Program Size: Code=23604 RO-data=0 RW-data=1024 ZI-data=0  
".\Objects\nokia.axf" - 0 Error(s), 39 Warning(s).

<h2>Software Packages used:</h2>

Package Vendor: Keil
                http://www.keil.com/pack/Keil.TM4C_DFP.1.1.0.pack
                Keil.TM4C_DFP.1.1.0
                Texas Instruments Tiva C Series Device Support and Examples

<h2>Collection of Component include folders:</h2>
  .\RTE\_Target_1
  C:\Keil_v5\ARM\PACK\Keil\TM4C_DFP\1.1.0\Device\Include\TM4C123

<h2>Collection of Component Files used:</h2>
Build Time Elapsed:  00:00:00
</pre>
</body>
</html>
