


ARM Macro Assembler    Page 1 


    1 00000000         ; GPIO Registers
    2 00000000 400FE608 
                       RCGCGPIO
                               EQU              0x400FE608  ; GPIO clock regist
                                                            er
    3 00000000         ;PORT E base address EQU 0x40024000
    4 00000000 4002451C 
                       PORTE_DEN
                               EQU              0x4002451C  ; Digital Enable
    5 00000000 4002452C 
                       PORTE_PCTL
                               EQU              0x4002452C  ; Alternate functio
                                                            n select
    6 00000000 40024420 
                       PORTE_AFSEL
                               EQU              0x40024420  ; Enable Alt functi
                                                            ons
    7 00000000 40024528 
                       PORTE_AMSEL
                               EQU              0x40024528  ; Enable analog
    8 00000000 40024400 
                       PORTE_DIR
                               EQU              0x40024400  ; 
    9 00000000         
   10 00000000         ;LABEL  DIRECTIVE VALUE  COMMENT
   11 00000000                 AREA             main   , READONLY, CODE
   12 00000000                 THUMB                        ; Subsequent instru
                                                            ctions are Thumb
   13 00000000                 EXPORT           INIT_GPIO_POT1 ; Make available
                                                            
   14 00000000         
   15 00000000         
   16 00000000         INIT_GPIO_POT1
                               PROC
   17 00000000 B500            PUSH             {LR}
   18 00000002         
   19 00000002 490F            LDR              R1, =RCGCGPIO ; Start clock of 
                                                            Port E
   20 00000004 6808            LDR              R0, [R1]
   21 00000006 F040 0010       ORR              R0, R0, #0x10 ; Set bit 4 to en
                                                            able port E clock
   22 0000000A 6008            STR              R0, [R1]
   23 0000000C BF00            NOP
   24 0000000E BF00            NOP
   25 00000010 BF00            NOP                          ; Let clock stabili
                                                            ze   
   26 00000012         
   27 00000012 490C            LDR              R1, =PORTE_DIR ; Make PE3 input
                                                            
   28 00000014 6808            LDR              R0, [R1]
   29 00000016 F020 0008       BIC              R0, R0, #0x08
   30 0000001A 6008            STR              R0, [R1]
   31 0000001C         
   32 0000001C         ; Enable alternate functions
   33 0000001C 490A            LDR              R1, =PORTE_AFSEL ; Enable alter
                                                            nate function for P
                                                            E3
   34 0000001E 6808            LDR              R0, [R1]
   35 00000020 F040 0008       ORR              R0, R0, #0x08 ; set bit 3 to en



ARM Macro Assembler    Page 2 


                                                            able alt functions 
                                                            on PE3
   36 00000024 6008            STR              R0, [R1]
   37 00000026         ; PCTL does not have to be configured
   38 00000026         ; since ADC0 is automatically selected when
   39 00000026         ; port pin is set to analog.
   40 00000026         
   41 00000026 4909            LDR              R1, =PORTE_DEN ; Disable digita
                                                            l function of PE3 
   42 00000028 6808            LDR              R0, [R1]
   43 0000002A F020 0008       BIC              R0, R0, #0x08 ; clear bit 3 to 
                                                            disable analog on P
                                                            E3
   44 0000002E 6008            STR              R0, [R1]
   45 00000030         
   46 00000030         
   47 00000030 4907            LDR              R1, =PORTE_AMSEL ;Enable analog
                                                             function of PE3 
   48 00000032 6808            LDR              R0, [R1]
   49 00000034 F040 0008       ORR              R0, R0, #0x08 ; set bit 3 to en
                                                            able analog on PE3
   50 00000038 6008            STR              R0, [R1]
   51 0000003A F85D EB04       POP              {LR}
   52 0000003E 4770            BX               LR
   53 00000040                 ENDP
   54 00000040                 ALIGN
   55 00000040                 END
              400FE608 
              40024400 
              40024420 
              4002451C 
              40024528 
Command Line: --debug --xref --diag_suppress=9931 --cpu=Cortex-M4.fp --apcs=int
erwork --depend=.\objects\init_gpio_pot1.d -o.\objects\init_gpio_pot1.o -I.\RTE
\_Target_1 -IC:\Keil_v5\ARM\PACK\Keil\TM4C_DFP\1.1.0\Device\Include\TM4C123 -IC
:\Keil_v5\ARM\CMSIS\Include --predefine="__EVAL SETA 1" --predefine="__UVISION_
VERSION SETA 526" --predefine="TM4C123GH6PM SETA 1" --list=.\listings\init_gpio
_pot1.lst INIT_GPIO_POT1.s



ARM Macro Assembler    Page 1 Alphabetic symbol ordering
Relocatable symbols

INIT_GPIO_POT1 00000000

Symbol: INIT_GPIO_POT1
   Definitions
      At line 16 in file INIT_GPIO_POT1.s
   Uses
      At line 13 in file INIT_GPIO_POT1.s
Comment: INIT_GPIO_POT1 used once
main 00000000

Symbol: main
   Definitions
      At line 11 in file INIT_GPIO_POT1.s
   Uses
      None
Comment: main unused
2 symbols



ARM Macro Assembler    Page 1 Alphabetic symbol ordering
Absolute symbols

PORTE_AFSEL 40024420

Symbol: PORTE_AFSEL
   Definitions
      At line 6 in file INIT_GPIO_POT1.s
   Uses
      At line 33 in file INIT_GPIO_POT1.s
Comment: PORTE_AFSEL used once
PORTE_AMSEL 40024528

Symbol: PORTE_AMSEL
   Definitions
      At line 7 in file INIT_GPIO_POT1.s
   Uses
      At line 47 in file INIT_GPIO_POT1.s
Comment: PORTE_AMSEL used once
PORTE_DEN 4002451C

Symbol: PORTE_DEN
   Definitions
      At line 4 in file INIT_GPIO_POT1.s
   Uses
      At line 41 in file INIT_GPIO_POT1.s
Comment: PORTE_DEN used once
PORTE_DIR 40024400

Symbol: PORTE_DIR
   Definitions
      At line 8 in file INIT_GPIO_POT1.s
   Uses
      At line 27 in file INIT_GPIO_POT1.s
Comment: PORTE_DIR used once
PORTE_PCTL 4002452C

Symbol: PORTE_PCTL
   Definitions
      At line 5 in file INIT_GPIO_POT1.s
   Uses
      None
Comment: PORTE_PCTL unused
RCGCGPIO 400FE608

Symbol: RCGCGPIO
   Definitions
      At line 2 in file INIT_GPIO_POT1.s
   Uses
      At line 19 in file INIT_GPIO_POT1.s
Comment: RCGCGPIO used once
6 symbols
344 symbols in table
