


ARM Macro Assembler    Page 1 


    1 00000000 40008008 
                       SSI0_DR_R
                               EQU              0x40008008
    2 00000000 4000800C 
                       SSI0_SR_R
                               EQU              0x4000800C
    3 00000000 40004100 
                       DC      EQU              0x40004100
    4 00000000 4003001C 
                       TIMER0_RIS
                               EQU              0x4003001C  ; Timer Interrupt S
                                                            tatus
    5 00000000 40030024 
                       TIMER0_ICR
                               EQU              0x40030024  ; Timer Interrupt C
                                                            lear
    6 00000000 400FE604 
                       SYSCTL_RCGCTIMER
                               EQU              0x400FE604  ; GPTM Gate Control
                                                            
    7 00000000         
    8 00000000                 AREA             main, READONLY, CODE
    9 00000000                 THUMB
   10 00000000                 EXPORT           __main
   11 00000000                 EXTERN           INIT_NOKIA
   12 00000000                 EXTERN           CONFIG_NOKIA
   13 00000000                 EXTERN           NokiaCommands
   14 00000000                 EXTERN           NokiaClear
   15 00000000                 EXTERN           SetCursor_X
   16 00000000                 EXTERN           SetCursor_Y
   17 00000000                 EXTERN           PrintCursor
   18 00000000                 EXTERN           PrintMap
   19 00000000                 EXTERN           ClearMap
   20 00000000                 EXTERN           WAITCOMMAND
   21 00000000                 EXTERN           WAITDATA
   22 00000000                 EXTERN           DELAY100
   23 00000000                 EXTERN           READ_POT1
   24 00000000                 EXTERN           READ_POT2
   25 00000000                 EXTERN           INIT_SYSTICK_TIMER
   26 00000000                 EXTERN           INIT_COUNTER
   27 00000000                 EXTERN           INIT_SWITCHES
   28 00000000                 EXTERN           DELAY100m
   29 00000000 400253FC 
                       PFdata  EQU              0x400253FC  ; Port F Data addre
                                                            ss
   30 00000000         
   31 00000000         ;R6 ;keeps mine number which can be 1 2 3 4
   32 00000000         ;R9 ;keeps 1 (battle) or 0 (civil) for ship 1
   33 00000000         ;R10;keeps 1 (battle) or 0 (civil) for ship 2 
   34 00000000         ;R11;keeps 1 (battle) or 0 (civil) for ship 3 
   35 00000000         ;R12;keeps 1 (battle) or 0 (civil) for ship 4 
   36 00000000         
   37 00000000         ;shipwar1x ; keeps 1st ship x pot value
   38 00000000         ;shipwar1y ; keeps 1st ship y pot value
   39 00000000         
   40 00000000         ;shipwar2x ; keeps 2nd ship x pot value
   41 00000000         ;shipwar2y ; keeps 2nd ship y pot value
   42 00000000         
   43 00000000         ;shipwar3x ; keeps 3rd ship x pot value



ARM Macro Assembler    Page 2 


   44 00000000         ;shipwar3y ; keeps 3rd ship y pot value
   45 00000000         
   46 00000000         ;shipwar4x ; keeps 4th ship x pot value
   47 00000000         ;shipwar4y ; keeps 4th ship y pot value
   48 00000000         
   49 00000000         ;ship1x ; keeps 1st ship x pot value
   50 00000000         ;ship1y ; keeps 1st ship y pot value
   51 00000000         
   52 00000000         ;ship2x ; keeps 2nd ship x pot value
   53 00000000         ;ship2y ; keeps 2nd ship y pot value
   54 00000000         
   55 00000000         ;ship3x ; keeps 3rd ship x pot value
   56 00000000         ;ship3y ; keeps 3rd ship y pot value
   57 00000000         
   58 00000000         ;ship4x ; keeps 4th ship x pot value
   59 00000000         ;ship4y ; keeps 4th ship y pot value
   60 00000000         
   61 00000000         ;mine1x   ; keeps 1st mine x pot value
   62 00000000         ;mine1y   ; keeps 1st mine y pot value
   63 00000000         
   64 00000000         ;mine2x   ; keeps 2nd mine x pot value
   65 00000000         ;mine2y   ; keeps 2nd mine y pot value 
   66 00000000         
   67 00000000         ;mine3x   ; keeps 3rd mine x pot value
   68 00000000         ;mine3y   ; keeps 3rd mine y pot value 
   69 00000000         
   70 00000000         ;mine4x   ; keeps 4th mine x pot value
   71 00000000         ;mine4y   ; keeps 4th mine y pot value 
   72 00000000         
   73 00000000 20000400 
                       SHIP1X  EQU              0x20000400
   74 00000000 20000404 
                       SHIP1Y  EQU              0x20000404
   75 00000000 20000408 
                       SHIP2X  EQU              0x20000408
   76 00000000 2000040C 
                       SHIP2Y  EQU              0x2000040C
   77 00000000 20000410 
                       SHIP3X  EQU              0x20000410
   78 00000000 20000414 
                       SHIP3Y  EQU              0x20000414
   79 00000000 20000418 
                       SHIP4X  EQU              0x20000418
   80 00000000 2000041C 
                       SHIP4Y  EQU              0x2000041C
   81 00000000 20000420 
                       SHIPWAR1X
                               EQU              0x20000420
   82 00000000 20000424 
                       SHIPWAR1Y
                               EQU              0x20000424
   83 00000000 20000428 
                       SHIPWAR2X
                               EQU              0x20000428
   84 00000000 2000042C 
                       SHIPWAR2Y
                               EQU              0x2000042C
   85 00000000 20000430 
                       SHIPWAR3X



ARM Macro Assembler    Page 3 


                               EQU              0x20000430
   86 00000000 20000434 
                       SHIPWAR3Y
                               EQU              0x20000434
   87 00000000 20000438 
                       SHIPWAR4X
                               EQU              0x20000438
   88 00000000 2000043C 
                       SHIPWAR4Y
                               EQU              0x2000043C
   89 00000000 20000440 
                       CIVILNUMBER
                               EQU              0x20000440
   90 00000000 20000450 
                       MINE1X  EQU              0x20000450
   91 00000000 20000454 
                       MINE1Y  EQU              0x20000454
   92 00000000 20000458 
                       MINE2X  EQU              0x20000458
   93 00000000 2000045C 
                       MINE2Y  EQU              0x2000045C
   94 00000000 20000460 
                       MINE3X  EQU              0x20000460
   95 00000000 20000464 
                       MINE3Y  EQU              0x20000464
   96 00000000 20000468 
                       MINE4X  EQU              0x20000468
   97 00000000 2000046C 
                       MINE4Y  EQU              0x2000046C
   98 00000000 20000470 
                       finalcheck
                               EQU              0x20000470
   99 00000000 20000480 
                       MINENUMBER
                               EQU              0x20000480
  100 00000000         __main  PROC
  101 00000000 F7FF FFFE       BL               INIT_NOKIA
  102 00000004 F7FF FFFE       BL               CONFIG_NOKIA
  103 00000008 F7FF FFFE       BL               NokiaClear
  104 0000000C F7FF FFFE       BL               PrintMap
  105 00000010 F7FF FFFE       BL               INIT_SYSTICK_TIMER
  106 00000014 F7FF FFFE       BL               INIT_SWITCHES
  107 00000018         ;BL INIT_COUNTER
  108 00000018         ; MOV R6, #0XFFF
  109 00000018         
  110 00000018 49BB    WAITPRESS1
                               LDR              R1, =PFdata ; load R1 with PFda
                                                            ta address
  111 0000001A 680A            LDR              R2, [R1]    ; read data from Po
                                                            rt F
  112 0000001C 2A11            CMP              R2,#0x11
  113 0000001E D0FB            BEQ              WAITPRESS1  ;BUTTONS ARE NOT PR
                                                            ESSED   
  114 00000020 F7FF FFFE       BL               DELAY100m
  115 00000024 680A            LDR              R2, [R1]    ; read data from Po
                                                            rt F 
  116 00000026 2A11            CMP              R2,#0x11
  117 00000028 D0F6            BEQ              WAITPRESS1  ;BUTTONS ARE NOT PR
                                                            ESSED



ARM Macro Assembler    Page 4 


  118 0000002A         
  119 0000002A         
  120 0000002A 2A10            CMP              R2,#0x10    ;If (SW1 is pressed
                                                            ) 
  121 0000002C D00C            BEQ              WAR1
  122 0000002E         
  123 0000002E F7FF FFFE 
                       CIVIL1  BL               READ_POT2   ;One of the buttons
                                                             is pressed
  124 00000032 48B6            LDR              R0, =SHIP1X ;Store the pot valu
                                                            es 
  125 00000034 F8C0 8000       STR              R8, [R0]
  126 00000038 F7FF FFFE       BL               READ_POT1
  127 0000003C 48B4            LDR              R0, =SHIP1Y
  128 0000003E F8C0 8000       STR              R8, [R0]
  129 00000042 F04F 0901       MOV              R9, #1
  130 00000046 E136            B                BUTTON2
  131 00000048         
  132 00000048 F7FF FFFE 
                       WAR1    BL               READ_POT2   ;One of the buttons
                                                             is pressed
  133 0000004C 48B1            LDR              R0, =SHIPWAR1X ;Store the pot v
                                                            alues 
  134 0000004E F8C0 8000       STR              R8, [R0]
  135 00000052 F7FF FFFE       BL               READ_POT1
  136 00000056 48B0            LDR              R0, =SHIPWAR1Y
  137 00000058 F8C0 8000       STR              R8, [R0]
  138 0000005C F04F 0902       MOV              R9, #2
  139 00000060 E129            B                BUTTON2
  140 00000062         
  141 00000062 49A9    WAITPRESS2
                               LDR              R1, =PFdata ; load R1 with PFda
                                                            ta address
  142 00000064 680A            LDR              R2, [R1]    ; read data from Po
                                                            rt F
  143 00000066 2A11            CMP              R2,#0x11
  144 00000068 D0FB            BEQ              WAITPRESS2  ;BUTTONS ARE NOT PR
                                                            ESSED   
  145 0000006A         ;BL DELAY100m
  146 0000006A 680A            LDR              R2, [R1]    ; read data from Po
                                                            rt F 
  147 0000006C 2A11            CMP              R2,#0x11
  148 0000006E D0F8            BEQ              WAITPRESS2  ;BUTTONS ARE NOT PR
                                                            ESSED
  149 00000070         
  150 00000070 2A01            CMP              R2,#0x01
  151 00000072 D10C            BNE              WAR2
  152 00000074         
  153 00000074 F7FF FFFE 
                       CIVIL2  BL               READ_POT2   ;One of the buttons
                                                             is pressed
  154 00000078 48A8            LDR              R0, =SHIP2X ;Store the pot valu
                                                            es 
  155 0000007A F8C0 8000       STR              R8, [R0]
  156 0000007E F7FF FFFE       BL               READ_POT1
  157 00000082 48A7            LDR              R0, =SHIP2Y
  158 00000084 F8C0 8000       STR              R8, [R0]
  159 00000088         
  160 00000088 F04F 0A01       MOV              R10, #1



ARM Macro Assembler    Page 5 


  161 0000008C E113            B                BUTTON2
  162 0000008E         
  163 0000008E F7FF FFFE 
                       WAR2    BL               READ_POT2   ;One of the buttons
                                                             is pressed
  164 00000092 48A4            LDR              R0, =SHIPWAR2X ;Store the pot v
                                                            alues 
  165 00000094 F8C0 8000       STR              R8, [R0]
  166 00000098 F7FF FFFE       BL               READ_POT1
  167 0000009C 48A2            LDR              R0, =SHIPWAR2Y
  168 0000009E F8C0 8000       STR              R8, [R0]
  169 000000A2 F04F 0A02       MOV              R10, #2
  170 000000A6 E106            B                BUTTON2
  171 000000A8         
  172 000000A8         
  173 000000A8 4997    WAITPRESS3
                               LDR              R1, =PFdata ; load R1 with PFda
                                                            ta address
  174 000000AA 680A            LDR              R2, [R1]    ; read data from Po
                                                            rt F
  175 000000AC 2A11            CMP              R2,#0x11
  176 000000AE D0FB            BEQ              WAITPRESS3  ;BUTTONS ARE NOT PR
                                                            ESSED   
  177 000000B0 F7FF FFFE       BL               DELAY100m
  178 000000B4 680A            LDR              R2, [R1]    ; read data from Po
                                                            rt F 
  179 000000B6 2A11            CMP              R2,#0x11
  180 000000B8 D0F6            BEQ              WAITPRESS3  ;BUTTONS ARE NOT PR
                                                            ESSED
  181 000000BA 2A10            CMP              R2,#0x10
  182 000000BC D00C            BEQ              WAR3
  183 000000BE         
  184 000000BE F7FF FFFE 
                       CIVIL3  BL               READ_POT2   ;One of the buttons
                                                             is pressed
  185 000000C2 489A            LDR              R0, =SHIP3X ;Store the pot valu
                                                            es 
  186 000000C4 F8C0 8000       STR              R8, [R0]
  187 000000C8 F7FF FFFE       BL               READ_POT1
  188 000000CC 4898            LDR              R0, =SHIP3Y
  189 000000CE F8C0 8000       STR              R8, [R0]
  190 000000D2 F04F 0B01       MOV              R11, #1
  191 000000D6 E0EE            B                BUTTON2
  192 000000D8 F7FF FFFE 
                       WAR3    BL               READ_POT2   ;One of the buttons
                                                             is pressed
  193 000000DC 4895            LDR              R0, =SHIPWAR3X ;Store the pot v
                                                            alues 
  194 000000DE F8C0 8000       STR              R8, [R0]
  195 000000E2 F7FF FFFE       BL               READ_POT1
  196 000000E6 4894            LDR              R0, =SHIPWAR3Y
  197 000000E8 F8C0 8000       STR              R8, [R0]
  198 000000EC F04F 0B02       MOV              R11, #2
  199 000000F0 E0E1            B                BUTTON2
  200 000000F2         
  201 000000F2 4985    WAITPRESS4
                               LDR              R1, =PFdata ; load R1 with PFda
                                                            ta address
  202 000000F4 680A            LDR              R2, [R1]    ; read data from Po



ARM Macro Assembler    Page 6 


                                                            rt F
  203 000000F6 2A11            CMP              R2,#0x11
  204 000000F8 D0FB            BEQ              WAITPRESS4  ;BUTTONS ARE NOT PR
                                                            ESSED   
  205 000000FA F7FF FFFE       BL               DELAY100m
  206 000000FE 680A            LDR              R2, [R1]    ; read data from Po
                                                            rt F 
  207 00000100 2A11            CMP              R2,#0x11
  208 00000102 D0F6            BEQ              WAITPRESS4  ;BUTTONS ARE NOT PR
                                                            ESSED
  209 00000104 2A10            CMP              R2,#0x10
  210 00000106 D013            BEQ              WAR4
  211 00000108         
  212 00000108 EA4B 020A       ORR              R2, R11, R10
  213 0000010C EA42 0209       ORR              R2, R2, R9
  214 00000110 F012 0202       ANDS             R2, #2
  215 00000114 D0ED            BEQ              WAITPRESS4
  216 00000116         
  217 00000116         
  218 00000116 F7FF FFFE 
                       CIVIL4  BL               READ_POT2   ;One of the buttons
                                                             is pressed
  219 0000011A 4888            LDR              R0, =SHIP4X ;Store the pot valu
                                                            es 
  220 0000011C F8C0 8000       STR              R8, [R0]
  221 00000120 F7FF FFFE       BL               READ_POT1
  222 00000124 4886            LDR              R0, =SHIP4Y
  223 00000126 F8C0 8000       STR              R8, [R0]
  224 0000012A F04F 0C01       MOV              R12, #1
  225 0000012E E0C2            B                BUTTON2
  226 00000130         
  227 00000130 F7FF FFFE 
                       WAR4    BL               READ_POT2   ;One of the buttons
                                                             is pressed
  228 00000134 4883            LDR              R0, =SHIPWAR4X ;Store the pot v
                                                            alues 
  229 00000136 F8C0 8000       STR              R8, [R0]
  230 0000013A F7FF FFFE       BL               READ_POT1
  231 0000013E 4882            LDR              R0, =SHIPWAR4Y
  232 00000140 F8C0 8000       STR              R8, [R0]
  233 00000144 F04F 0C02       MOV              R12, #2
  234 00000148 E0B5            B                BUTTON2
  235 0000014A         
  236 0000014A         
  237 0000014A         
  238 0000014A 496F    WAITPRESS5
                               LDR              R1, =PFdata ; load R1 with PFda
                                                            ta address
  239 0000014C 680A            LDR              R2, [R1]    ; read data from Po
                                                            rt F
  240 0000014E 2A11            CMP              R2,#0x11
  241 00000150 D0FB            BEQ              WAITPRESS5  ;BUTTONS ARE NOT PR
                                                            ESSED   
  242 00000152 F7FF FFFE       BL               DELAY100m
  243 00000156 680A            LDR              R2, [R1]    ; read data from Po
                                                            rt F 
  244 00000158 2A11            CMP              R2,#0x11
  245 0000015A D0F6            BEQ              WAITPRESS5  ;BUTTONS ARE NOT PR
                                                            ESSED



ARM Macro Assembler    Page 7 


  246 0000015C E0AB            B                BUTTON2
  247 0000015E         
  248 0000015E         
  249 0000015E 496A    WAITPRESS6
                               LDR              R1, =PFdata ; load R1 with PFda
                                                            ta address
  250 00000160 680A            LDR              R2, [R1]    ; read data from Po
                                                            rt F
  251 00000162 2A11            CMP              R2,#0x11
  252 00000164 D0FB            BEQ              WAITPRESS6  ;BUTTONS ARE NOT PR
                                                            ESSED   
  253 00000166 F7FF FFFE       BL               DELAY100m
  254 0000016A 680A            LDR              R2, [R1]    ; read data from Po
                                                            rt F 
  255 0000016C 2A11            CMP              R2,#0x11
  256 0000016E D0F6            BEQ              WAITPRESS6  ;BUTTONS ARE NOT PR
                                                            ESSED
  257 00000170         
  258 00000170 F7FF FFFE       BL               INIT_COUNTER
  259 00000174 E09F            B                BUTTON2
  260 00000176         
  261 00000176         ;WAITPRESS7  LDR  R1, =PFdata ; load R1 with PFdata addr
                       ess
  262 00000176         ;    LDR  R2, [R1] ; read data from Port F
  263 00000176         ;    CMP R2,#0x11
  264 00000176         ;    BEQ WAITPRESS7  ;BUTTONS ARE NOT PRESSED   
  265 00000176         ;    BL DELAY100m
  266 00000176         ;    LDR R2, [R1] ; read data from Port F 
  267 00000176         ;    CMP R2,#0x11
  268 00000176         ;    BEQ WAITPRESS7  ;BUTTONS ARE NOT PRESSED
  269 00000176         ;    B BUTTON2 
  270 00000176         
  271 00000176 4964    WAITPRESS7
                               LDR              R1, =PFdata ; load R1 with PFda
                                                            ta address
  272 00000178 680A            LDR              R2, [R1]    ; read data from Po
                                                            rt F
  273 0000017A 2A11            CMP              R2,#0x11
  274 0000017C D0FB            BEQ              WAITPRESS7  ;BUTTONS ARE NOT PR
                                                            ESSED   
  275 0000017E F7FF FFFE       BL               DELAY100m
  276 00000182 680A            LDR              R2, [R1]    ; read data from Po
                                                            rt F 
  277 00000184 2A11            CMP              R2,#0x11
  278 00000186 D0F6            BEQ              WAITPRESS7  ;BUTTONS ARE NOT PR
                                                            ESSED
  279 00000188         
  280 00000188 F7FF FFFE       BL               READ_POT2   ;One of the buttons
                                                             is pressed
  281 0000018C 486F            LDR              R0, =MINE1X ;Store the pot valu
                                                            es 
  282 0000018E F8C0 8000       STR              R8, [R0]
  283 00000192 F7FF FFFE       BL               READ_POT1
  284 00000196 486E            LDR              R0, =MINE1Y
  285 00000198 F8C0 8000       STR              R8, [R0]
  286 0000019C         
  287 0000019C E08B            B                BUTTON2
  288 0000019E         
  289 0000019E 495A    WAITPRESS8



ARM Macro Assembler    Page 8 


                               LDR              R1, =PFdata ; load R1 with PFda
                                                            ta address
  290 000001A0 680A            LDR              R2, [R1]    ; read data from Po
                                                            rt F
  291 000001A2 2A11            CMP              R2,#0x11
  292 000001A4 D0FB            BEQ              WAITPRESS8  ;BUTTONS ARE NOT PR
                                                            ESSED   
  293 000001A6 F7FF FFFE       BL               DELAY100m
  294 000001AA 680A            LDR              R2, [R1]    ; read data from Po
                                                            rt F 
  295 000001AC 2A11            CMP              R2,#0x11
  296 000001AE D0E2            BEQ              WAITPRESS7  ;BUTTONS ARE NOT PR
                                                            ESSED
  297 000001B0         
  298 000001B0 F7FF FFFE       BL               READ_POT2   ;One of the buttons
                                                             is pressed
  299 000001B4 4867            LDR              R0, =MINE2X ;Store the pot valu
                                                            es 
  300 000001B6 F8C0 8000       STR              R8, [R0]
  301 000001BA F7FF FFFE       BL               READ_POT1
  302 000001BE 4866            LDR              R0, =MINE2Y
  303 000001C0 F8C0 8000       STR              R8, [R0]
  304 000001C4         
  305 000001C4 E077            B                BUTTON2
  306 000001C6         
  307 000001C6 4950    WAITPRESS9
                               LDR              R1, =PFdata ; load R1 with PFda
                                                            ta address
  308 000001C8 680A            LDR              R2, [R1]    ; read data from Po
                                                            rt F
  309 000001CA 2A11            CMP              R2,#0x11
  310 000001CC D0FB            BEQ              WAITPRESS9  ;BUTTONS ARE NOT PR
                                                            ESSED   
  311 000001CE F7FF FFFE       BL               DELAY100m
  312 000001D2 680A            LDR              R2, [R1]    ; read data from Po
                                                            rt F 
  313 000001D4 2A11            CMP              R2,#0x11
  314 000001D6 D0F6            BEQ              WAITPRESS9  ;BUTTONS ARE NOT PR
                                                            ESSED
  315 000001D8         
  316 000001D8 F7FF FFFE       BL               READ_POT2   ;One of the buttons
                                                             is pressed
  317 000001DC 485F            LDR              R0, =MINE3X ;Store the pot valu
                                                            es 
  318 000001DE F8C0 8000       STR              R8, [R0]
  319 000001E2 F7FF FFFE       BL               READ_POT1
  320 000001E6 485E            LDR              R0, =MINE3Y
  321 000001E8 F8C0 8000       STR              R8, [R0]
  322 000001EC         
  323 000001EC E063            B                BUTTON2
  324 000001EE         
  325 000001EE 4946    WAITPRESS10
                               LDR              R1, =PFdata ; load R1 with PFda
                                                            ta address
  326 000001F0 680A            LDR              R2, [R1]    ; read data from Po
                                                            rt F
  327 000001F2 2A11            CMP              R2,#0x11
  328 000001F4 D0FB            BEQ              WAITPRESS10 ;BUTTONS ARE NOT PR
                                                            ESSED   



ARM Macro Assembler    Page 9 


  329 000001F6 F7FF FFFE       BL               DELAY100m
  330 000001FA 680A            LDR              R2, [R1]    ; read data from Po
                                                            rt F 
  331 000001FC 2A11            CMP              R2,#0x11
  332 000001FE D0F6            BEQ              WAITPRESS10 ;BUTTONS ARE NOT PR
                                                            ESSED
  333 00000200         
  334 00000200 F7FF FFFE       BL               READ_POT2   ;One of the buttons
                                                             is pressed
  335 00000204 4857            LDR              R0, =MINE4X ;Store the pot valu
                                                            es 
  336 00000206 F8C0 8000       STR              R8, [R0]
  337 0000020A F7FF FFFE       BL               READ_POT1
  338 0000020E 4856            LDR              R0, =MINE4Y
  339 00000210 F8C0 8000       STR              R8, [R0]
  340 00000214 E04F            B                BUTTON2
  341 00000216         
  342 00000216 493C    WAITPRESS11
                               LDR              R1, =PFdata ; load R1 with PFda
                                                            ta address ;;RETURN
                                                             TO START
  343 00000218 680A            LDR              R2, [R1]    ; read data from Po
                                                            rt F
  344 0000021A 2A11            CMP              R2,#0x11
  345 0000021C D0FB            BEQ              WAITPRESS11 ;BUTTONS ARE NOT PR
                                                            ESSED   
  346 0000021E F7FF FFFE       BL               DELAY100m
  347 00000222 680A            LDR              R2, [R1]    ; read data from Po
                                                            rt F 
  348 00000224 2A11            CMP              R2,#0x11
  349 00000226 D0F6            BEQ              WAITPRESS11 ;BUTTONS ARE NOT PR
                                                            ESSED
  350 00000228 2FFF            CMP              R7,#0xFF
  351 0000022A D1F4            BNE              WAITPRESS11
  352 0000022C F7FF FFFE       BL               NokiaClear
  353 00000230 F7FF FFFE       BL               PrintMap
  354 00000234 F04F 0000       MOV              R0,#0
  355 00000238 F04F 0100       MOV              R1,#0
  356 0000023C F04F 0200       MOV              R2,#0
  357 00000240 F04F 0300       MOV              R3,#0
  358 00000244         ; MOV R4,#0
  359 00000244 F04F 0500       MOV              R5,#0
  360 00000248 F04F 0600       MOV              R6,#0
  361 0000024C F04F 0700       MOV              R7,#0
  362 00000250 F04F 0800       MOV              R8,#0
  363 00000254 F04F 0900       MOV              R9,#0
  364 00000258 F04F 0A00       MOV              R10,#0
  365 0000025C F04F 0B00       MOV              R11,#0
  366 00000260 F04F 0C00       MOV              R12,#0
  367 00000264 4941            LDR              R1, =SYSCTL_RCGCTIMER 
                                                            ; Start Timer0
  368 00000266 680A            LDR              R2, [R1]
  369 00000268 F022 0201       BIC              R2, R2, #0x01
  370 0000026C 600A            STR              R2, [R1]
  371 0000026E 4927            LDR              R1,= SHIP1X
  372 00000270 6008            STR              R0,[R1,#0]
  373 00000272 6048            STR              R0,[R1,#4]
  374 00000274 6088            STR              R0,[R1,#8]
  375 00000276 60C8            STR              R0,[R1,#12]



ARM Macro Assembler    Page 10 


  376 00000278 6108            STR              R0,[R1,#16]
  377 0000027A 6148            STR              R0,[R1,#20]
  378 0000027C 6188            STR              R0,[R1,#24]
  379 0000027E 61C8            STR              R0,[R1,#28]
  380 00000280 4924            LDR              R1,=SHIPWAR1X
  381 00000282 6008            STR              R0,[R1,#0]
  382 00000284 6048            STR              R0,[R1,#4]
  383 00000286 6088            STR              R0,[R1,#8]
  384 00000288 60C8            STR              R0,[R1,#12]
  385 0000028A 6108            STR              R0,[R1,#16]
  386 0000028C 6148            STR              R0,[R1,#20]
  387 0000028E 6188            STR              R0,[R1,#24]
  388 00000290 61C8            STR              R0,[R1,#28]
  389 00000292 492E            LDR              R1,= MINE1X
  390 00000294 6008            STR              R0,[R1,#0]
  391 00000296 6048            STR              R0,[R1,#4]
  392 00000298 6088            STR              R0,[R1,#8]
  393 0000029A 60C8            STR              R0,[R1,#12]
  394 0000029C 6108            STR              R0,[R1,#16]
  395 0000029E 6148            STR              R0,[R1,#20]
  396 000002A0 6188            STR              R0,[R1,#24]
  397 000002A2 61C8            STR              R0,[R1,#28]
  398 000002A4 4932            LDR              R1,= MINENUMBER
  399 000002A6 6008            STR              R0,[R1]
  400 000002A8 4932            LDR              R1,= finalcheck
  401 000002AA 6008            STR              R0,[R1]
  402 000002AC 4916    WaitRelaseFinal
                               LDR              R1, =PFdata ; load R1 with PFda
                                                            ta address ;;RETURN
                                                             TO START
  403 000002AE 680A            LDR              R2, [R1]    ; read data from Po
                                                            rt F
  404 000002B0 2A11            CMP              R2,#0x11
  405 000002B2 D1FB            BNE              WaitRelaseFinal ;BUTTONS ARE NO
                                                            T PRESSED
  406 000002B4 E7FE            B                __main
  407 000002B6         
  408 000002B6         
  409 000002B6         
  410 000002B6 4914    BUTTON2 LDR              R1, =PFdata ; load R1 with PFda
                                                            ta address
  411 000002B8 6808    WAITRELEASE1
                               LDR              R0, [R1]    ; read data from Po
                                                            rt F 
  412 000002BA 4282            CMP              R2,R0
  413 000002BC D0FC            BEQ              WAITRELEASE1
  414 000002BE F107 0701       ADD              R7,#1
  415 000002C2         ; ADD R6,#1
  416 000002C2 2F01            CMP              R7,#1
  417 000002C4 F43F AECD       BEQ              WAITPRESS2
  418 000002C8 2F02            CMP              R7,#2
  419 000002CA F43F AEED       BEQ              WAITPRESS3
  420 000002CE 2F03            CMP              R7,#3
  421 000002D0 F43F AF0F       BEQ              WAITPRESS4
  422 000002D4 2F04            CMP              R7,#4
  423 000002D6 F43F AF38       BEQ              WAITPRESS5
  424 000002DA 2F05            CMP              R7,#5
  425 000002DC F43F AF3F       BEQ              WAITPRESS6
  426 000002E0 2F06            CMP              R7,#6



ARM Macro Assembler    Page 11 


  427 000002E2 F43F AF48       BEQ              WAITPRESS7
  428 000002E6 2F07            CMP              R7,#7
  429 000002E8 F43F AF45       BEQ              WAITPRESS7
  430 000002EC 2F08            CMP              R7,#8
  431 000002EE F43F AF56       BEQ              WAITPRESS8
  432 000002F2 2F09            CMP              R7,#9
  433 000002F4 F43F AF53       BEQ              WAITPRESS8
  434 000002F8 2F0A            CMP              R7,#10
  435 000002FA F43F AF64       BEQ              WAITPRESS9
  436 000002FE 2F0B            CMP              R7,#11
  437 00000300 F43F AF75       BEQ              WAITPRESS10
  438 00000304 E787            B                WAITPRESS11
  439 00000306         
  440 00000306         ;BUTTON1   LDR   R1, =PFdata ; load R1 with PFdata addre
                       ss
  441 00000306         ;WAITRELEASE2 LDR R3, [R1] ; read data from Port F 
  442 00000306         ;    CMP R2,R3
  443 00000306         ;    BEQ WAITRELEASE2
  444 00000306         ;    ADD R7,#1
  445 00000306         ;    ADD R5,#1
  446 00000306         ;    CMP R7,#1
  447 00000306         ;    BEQ WAITPRESS2
  448 00000306         ;    CMP R7,#2
  449 00000306         ;    BEQ WAITPRESS3
  450 00000306         ;    CMP R7,#3
  451 00000306         ;    BEQ WAITPRESS4
  452 00000306         ;    CMP R7,#4
  453 00000306         ;    BEQ WAITPRESS5
  454 00000306         
  455 00000306 E7FE    forever B                forever
  456 00000308                 ENDP
  457 00000308                 ALIGN
  458 00000308                 END
              400253FC 
              20000400 
              20000404 
              20000420 
              20000424 
              20000408 
              2000040C 
              20000428 
              2000042C 
              20000410 
              20000414 
              20000430 
              20000434 
              20000418 
              2000041C 
              20000438 
              2000043C 
              20000450 
              20000454 
              20000458 
              2000045C 
              20000460 
              20000464 
              20000468 
              2000046C 
              400FE604 



ARM Macro Assembler    Page 12 


              20000480 
              20000470 
Command Line: --debug --xref --diag_suppress=9931 --cpu=Cortex-M4.fp --apcs=int
erwork --depend=.\objects\nokia.d -o.\objects\nokia.o -I.\RTE\_Target_1 -IC:\Ke
il_v5\ARM\PACK\Keil\TM4C_DFP\1.1.0\Device\Include\TM4C123 -IC:\Keil_v5\ARM\CMSI
S\Include --predefine="__EVAL SETA 1" --predefine="__UVISION_VERSION SETA 526" 
--predefine="TM4C123GH6PM SETA 1" --list=.\listings\nokia.lst nokia.s



ARM Macro Assembler    Page 1 Alphabetic symbol ordering
Relocatable symbols

BUTTON2 000002B6

Symbol: BUTTON2
   Definitions
      At line 410 in file nokia.s
   Uses
      At line 130 in file nokia.s
      At line 139 in file nokia.s
      At line 161 in file nokia.s
      At line 170 in file nokia.s
      At line 191 in file nokia.s
      At line 199 in file nokia.s
      At line 225 in file nokia.s
      At line 234 in file nokia.s
      At line 246 in file nokia.s
      At line 259 in file nokia.s
      At line 287 in file nokia.s
      At line 305 in file nokia.s
      At line 323 in file nokia.s
      At line 340 in file nokia.s

CIVIL1 0000002E

Symbol: CIVIL1
   Definitions
      At line 123 in file nokia.s
   Uses
      None
Comment: CIVIL1 unused
CIVIL2 00000074

Symbol: CIVIL2
   Definitions
      At line 153 in file nokia.s
   Uses
      None
Comment: CIVIL2 unused
CIVIL3 000000BE

Symbol: CIVIL3
   Definitions
      At line 184 in file nokia.s
   Uses
      None
Comment: CIVIL3 unused
CIVIL4 00000116

Symbol: CIVIL4
   Definitions
      At line 218 in file nokia.s
   Uses
      None
Comment: CIVIL4 unused
WAITPRESS1 00000018

Symbol: WAITPRESS1
   Definitions
      At line 110 in file nokia.s
   Uses



ARM Macro Assembler    Page 2 Alphabetic symbol ordering
Relocatable symbols

      At line 113 in file nokia.s
      At line 117 in file nokia.s

WAITPRESS10 000001EE

Symbol: WAITPRESS10
   Definitions
      At line 325 in file nokia.s
   Uses
      At line 328 in file nokia.s
      At line 332 in file nokia.s
      At line 437 in file nokia.s

WAITPRESS11 00000216

Symbol: WAITPRESS11
   Definitions
      At line 342 in file nokia.s
   Uses
      At line 345 in file nokia.s
      At line 349 in file nokia.s
      At line 351 in file nokia.s
      At line 438 in file nokia.s

WAITPRESS2 00000062

Symbol: WAITPRESS2
   Definitions
      At line 141 in file nokia.s
   Uses
      At line 144 in file nokia.s
      At line 148 in file nokia.s
      At line 417 in file nokia.s

WAITPRESS3 000000A8

Symbol: WAITPRESS3
   Definitions
      At line 173 in file nokia.s
   Uses
      At line 176 in file nokia.s
      At line 180 in file nokia.s
      At line 419 in file nokia.s

WAITPRESS4 000000F2

Symbol: WAITPRESS4
   Definitions
      At line 201 in file nokia.s
   Uses
      At line 204 in file nokia.s
      At line 208 in file nokia.s
      At line 215 in file nokia.s
      At line 421 in file nokia.s

WAITPRESS5 0000014A

Symbol: WAITPRESS5
   Definitions



ARM Macro Assembler    Page 3 Alphabetic symbol ordering
Relocatable symbols

      At line 238 in file nokia.s
   Uses
      At line 241 in file nokia.s
      At line 245 in file nokia.s
      At line 423 in file nokia.s

WAITPRESS6 0000015E

Symbol: WAITPRESS6
   Definitions
      At line 249 in file nokia.s
   Uses
      At line 252 in file nokia.s
      At line 256 in file nokia.s
      At line 425 in file nokia.s

WAITPRESS7 00000176

Symbol: WAITPRESS7
   Definitions
      At line 271 in file nokia.s
   Uses
      At line 274 in file nokia.s
      At line 278 in file nokia.s
      At line 296 in file nokia.s
      At line 427 in file nokia.s
      At line 429 in file nokia.s

WAITPRESS8 0000019E

Symbol: WAITPRESS8
   Definitions
      At line 289 in file nokia.s
   Uses
      At line 292 in file nokia.s
      At line 431 in file nokia.s
      At line 433 in file nokia.s

WAITPRESS9 000001C6

Symbol: WAITPRESS9
   Definitions
      At line 307 in file nokia.s
   Uses
      At line 310 in file nokia.s
      At line 314 in file nokia.s
      At line 435 in file nokia.s

WAITRELEASE1 000002B8

Symbol: WAITRELEASE1
   Definitions
      At line 411 in file nokia.s
   Uses
      At line 413 in file nokia.s
Comment: WAITRELEASE1 used once
WAR1 00000048

Symbol: WAR1



ARM Macro Assembler    Page 4 Alphabetic symbol ordering
Relocatable symbols

   Definitions
      At line 132 in file nokia.s
   Uses
      At line 121 in file nokia.s
Comment: WAR1 used once
WAR2 0000008E

Symbol: WAR2
   Definitions
      At line 163 in file nokia.s
   Uses
      At line 151 in file nokia.s
Comment: WAR2 used once
WAR3 000000D8

Symbol: WAR3
   Definitions
      At line 192 in file nokia.s
   Uses
      At line 182 in file nokia.s
Comment: WAR3 used once
WAR4 00000130

Symbol: WAR4
   Definitions
      At line 227 in file nokia.s
   Uses
      At line 210 in file nokia.s
Comment: WAR4 used once
WaitRelaseFinal 000002AC

Symbol: WaitRelaseFinal
   Definitions
      At line 402 in file nokia.s
   Uses
      At line 405 in file nokia.s
Comment: WaitRelaseFinal used once
__main 00000000

Symbol: __main
   Definitions
      At line 100 in file nokia.s
   Uses
      At line 10 in file nokia.s
      At line 406 in file nokia.s

forever 00000306

Symbol: forever
   Definitions
      At line 455 in file nokia.s
   Uses
      At line 455 in file nokia.s
Comment: forever used once
main 00000000

Symbol: main
   Definitions
      At line 8 in file nokia.s



ARM Macro Assembler    Page 5 Alphabetic symbol ordering
Relocatable symbols

   Uses
      None
Comment: main unused
25 symbols



ARM Macro Assembler    Page 1 Alphabetic symbol ordering
Absolute symbols

CIVILNUMBER 20000440

Symbol: CIVILNUMBER
   Definitions
      At line 89 in file nokia.s
   Uses
      None
Comment: CIVILNUMBER unused
DC 40004100

Symbol: DC
   Definitions
      At line 3 in file nokia.s
   Uses
      None
Comment: DC unused
MINE1X 20000450

Symbol: MINE1X
   Definitions
      At line 90 in file nokia.s
   Uses
      At line 281 in file nokia.s
      At line 389 in file nokia.s

MINE1Y 20000454

Symbol: MINE1Y
   Definitions
      At line 91 in file nokia.s
   Uses
      At line 284 in file nokia.s
Comment: MINE1Y used once
MINE2X 20000458

Symbol: MINE2X
   Definitions
      At line 92 in file nokia.s
   Uses
      At line 299 in file nokia.s
Comment: MINE2X used once
MINE2Y 2000045C

Symbol: MINE2Y
   Definitions
      At line 93 in file nokia.s
   Uses
      At line 302 in file nokia.s
Comment: MINE2Y used once
MINE3X 20000460

Symbol: MINE3X
   Definitions
      At line 94 in file nokia.s
   Uses
      At line 317 in file nokia.s
Comment: MINE3X used once
MINE3Y 20000464




ARM Macro Assembler    Page 2 Alphabetic symbol ordering
Absolute symbols

Symbol: MINE3Y
   Definitions
      At line 95 in file nokia.s
   Uses
      At line 320 in file nokia.s
Comment: MINE3Y used once
MINE4X 20000468

Symbol: MINE4X
   Definitions
      At line 96 in file nokia.s
   Uses
      At line 335 in file nokia.s
Comment: MINE4X used once
MINE4Y 2000046C

Symbol: MINE4Y
   Definitions
      At line 97 in file nokia.s
   Uses
      At line 338 in file nokia.s
Comment: MINE4Y used once
MINENUMBER 20000480

Symbol: MINENUMBER
   Definitions
      At line 99 in file nokia.s
   Uses
      At line 398 in file nokia.s
Comment: MINENUMBER used once
PFdata 400253FC

Symbol: PFdata
   Definitions
      At line 29 in file nokia.s
   Uses
      At line 110 in file nokia.s
      At line 141 in file nokia.s
      At line 173 in file nokia.s
      At line 201 in file nokia.s
      At line 238 in file nokia.s
      At line 249 in file nokia.s
      At line 271 in file nokia.s
      At line 289 in file nokia.s
      At line 307 in file nokia.s
      At line 325 in file nokia.s
      At line 342 in file nokia.s
      At line 402 in file nokia.s
      At line 410 in file nokia.s

SHIP1X 20000400

Symbol: SHIP1X
   Definitions
      At line 73 in file nokia.s
   Uses
      At line 124 in file nokia.s
      At line 371 in file nokia.s




ARM Macro Assembler    Page 3 Alphabetic symbol ordering
Absolute symbols

SHIP1Y 20000404

Symbol: SHIP1Y
   Definitions
      At line 74 in file nokia.s
   Uses
      At line 127 in file nokia.s
Comment: SHIP1Y used once
SHIP2X 20000408

Symbol: SHIP2X
   Definitions
      At line 75 in file nokia.s
   Uses
      At line 154 in file nokia.s
Comment: SHIP2X used once
SHIP2Y 2000040C

Symbol: SHIP2Y
   Definitions
      At line 76 in file nokia.s
   Uses
      At line 157 in file nokia.s
Comment: SHIP2Y used once
SHIP3X 20000410

Symbol: SHIP3X
   Definitions
      At line 77 in file nokia.s
   Uses
      At line 185 in file nokia.s
Comment: SHIP3X used once
SHIP3Y 20000414

Symbol: SHIP3Y
   Definitions
      At line 78 in file nokia.s
   Uses
      At line 188 in file nokia.s
Comment: SHIP3Y used once
SHIP4X 20000418

Symbol: SHIP4X
   Definitions
      At line 79 in file nokia.s
   Uses
      At line 219 in file nokia.s
Comment: SHIP4X used once
SHIP4Y 2000041C

Symbol: SHIP4Y
   Definitions
      At line 80 in file nokia.s
   Uses
      At line 222 in file nokia.s
Comment: SHIP4Y used once
SHIPWAR1X 20000420

Symbol: SHIPWAR1X



ARM Macro Assembler    Page 4 Alphabetic symbol ordering
Absolute symbols

   Definitions
      At line 81 in file nokia.s
   Uses
      At line 133 in file nokia.s
      At line 380 in file nokia.s

SHIPWAR1Y 20000424

Symbol: SHIPWAR1Y
   Definitions
      At line 82 in file nokia.s
   Uses
      At line 136 in file nokia.s
Comment: SHIPWAR1Y used once
SHIPWAR2X 20000428

Symbol: SHIPWAR2X
   Definitions
      At line 83 in file nokia.s
   Uses
      At line 164 in file nokia.s
Comment: SHIPWAR2X used once
SHIPWAR2Y 2000042C

Symbol: SHIPWAR2Y
   Definitions
      At line 84 in file nokia.s
   Uses
      At line 167 in file nokia.s
Comment: SHIPWAR2Y used once
SHIPWAR3X 20000430

Symbol: SHIPWAR3X
   Definitions
      At line 85 in file nokia.s
   Uses
      At line 193 in file nokia.s
Comment: SHIPWAR3X used once
SHIPWAR3Y 20000434

Symbol: SHIPWAR3Y
   Definitions
      At line 86 in file nokia.s
   Uses
      At line 196 in file nokia.s
Comment: SHIPWAR3Y used once
SHIPWAR4X 20000438

Symbol: SHIPWAR4X
   Definitions
      At line 87 in file nokia.s
   Uses
      At line 228 in file nokia.s
Comment: SHIPWAR4X used once
SHIPWAR4Y 2000043C

Symbol: SHIPWAR4Y
   Definitions
      At line 88 in file nokia.s



ARM Macro Assembler    Page 5 Alphabetic symbol ordering
Absolute symbols

   Uses
      At line 231 in file nokia.s
Comment: SHIPWAR4Y used once
SSI0_DR_R 40008008

Symbol: SSI0_DR_R
   Definitions
      At line 1 in file nokia.s
   Uses
      None
Comment: SSI0_DR_R unused
SSI0_SR_R 4000800C

Symbol: SSI0_SR_R
   Definitions
      At line 2 in file nokia.s
   Uses
      None
Comment: SSI0_SR_R unused
SYSCTL_RCGCTIMER 400FE604

Symbol: SYSCTL_RCGCTIMER
   Definitions
      At line 6 in file nokia.s
   Uses
      At line 367 in file nokia.s
Comment: SYSCTL_RCGCTIMER used once
TIMER0_ICR 40030024

Symbol: TIMER0_ICR
   Definitions
      At line 5 in file nokia.s
   Uses
      None
Comment: TIMER0_ICR unused
TIMER0_RIS 4003001C

Symbol: TIMER0_RIS
   Definitions
      At line 4 in file nokia.s
   Uses
      None
Comment: TIMER0_RIS unused
finalcheck 20000470

Symbol: finalcheck
   Definitions
      At line 98 in file nokia.s
   Uses
      At line 400 in file nokia.s
Comment: finalcheck used once
34 symbols



ARM Macro Assembler    Page 1 Alphabetic symbol ordering
External symbols

CONFIG_NOKIA 00000000

Symbol: CONFIG_NOKIA
   Definitions
      At line 12 in file nokia.s
   Uses
      At line 102 in file nokia.s
Comment: CONFIG_NOKIA used once
ClearMap 00000000

Symbol: ClearMap
   Definitions
      At line 19 in file nokia.s
   Uses
      None
Comment: ClearMap unused
DELAY100 00000000

Symbol: DELAY100
   Definitions
      At line 22 in file nokia.s
   Uses
      None
Comment: DELAY100 unused
DELAY100m 00000000

Symbol: DELAY100m
   Definitions
      At line 28 in file nokia.s
   Uses
      At line 114 in file nokia.s
      At line 177 in file nokia.s
      At line 205 in file nokia.s
      At line 242 in file nokia.s
      At line 253 in file nokia.s
      At line 275 in file nokia.s
      At line 293 in file nokia.s
      At line 311 in file nokia.s
      At line 329 in file nokia.s
      At line 346 in file nokia.s

INIT_COUNTER 00000000

Symbol: INIT_COUNTER
   Definitions
      At line 26 in file nokia.s
   Uses
      At line 258 in file nokia.s
Comment: INIT_COUNTER used once
INIT_NOKIA 00000000

Symbol: INIT_NOKIA
   Definitions
      At line 11 in file nokia.s
   Uses
      At line 101 in file nokia.s
Comment: INIT_NOKIA used once
INIT_SWITCHES 00000000




ARM Macro Assembler    Page 2 Alphabetic symbol ordering
External symbols

Symbol: INIT_SWITCHES
   Definitions
      At line 27 in file nokia.s
   Uses
      At line 106 in file nokia.s
Comment: INIT_SWITCHES used once
INIT_SYSTICK_TIMER 00000000

Symbol: INIT_SYSTICK_TIMER
   Definitions
      At line 25 in file nokia.s
   Uses
      At line 105 in file nokia.s
Comment: INIT_SYSTICK_TIMER used once
NokiaClear 00000000

Symbol: NokiaClear
   Definitions
      At line 14 in file nokia.s
   Uses
      At line 103 in file nokia.s
      At line 352 in file nokia.s

NokiaCommands 00000000

Symbol: NokiaCommands
   Definitions
      At line 13 in file nokia.s
   Uses
      None
Comment: NokiaCommands unused
PrintCursor 00000000

Symbol: PrintCursor
   Definitions
      At line 17 in file nokia.s
   Uses
      None
Comment: PrintCursor unused
PrintMap 00000000

Symbol: PrintMap
   Definitions
      At line 18 in file nokia.s
   Uses
      At line 104 in file nokia.s
      At line 353 in file nokia.s

READ_POT1 00000000

Symbol: READ_POT1
   Definitions
      At line 23 in file nokia.s
   Uses
      At line 126 in file nokia.s
      At line 135 in file nokia.s
      At line 156 in file nokia.s
      At line 166 in file nokia.s
      At line 187 in file nokia.s



ARM Macro Assembler    Page 3 Alphabetic symbol ordering
External symbols

      At line 195 in file nokia.s
      At line 221 in file nokia.s
      At line 230 in file nokia.s
      At line 283 in file nokia.s
      At line 301 in file nokia.s
      At line 319 in file nokia.s
      At line 337 in file nokia.s

READ_POT2 00000000

Symbol: READ_POT2
   Definitions
      At line 24 in file nokia.s
   Uses
      At line 123 in file nokia.s
      At line 132 in file nokia.s
      At line 153 in file nokia.s
      At line 163 in file nokia.s
      At line 184 in file nokia.s
      At line 192 in file nokia.s
      At line 218 in file nokia.s
      At line 227 in file nokia.s
      At line 280 in file nokia.s
      At line 298 in file nokia.s
      At line 316 in file nokia.s
      At line 334 in file nokia.s

SetCursor_X 00000000

Symbol: SetCursor_X
   Definitions
      At line 15 in file nokia.s
   Uses
      None
Comment: SetCursor_X unused
SetCursor_Y 00000000

Symbol: SetCursor_Y
   Definitions
      At line 16 in file nokia.s
   Uses
      None
Comment: SetCursor_Y unused
WAITCOMMAND 00000000

Symbol: WAITCOMMAND
   Definitions
      At line 20 in file nokia.s
   Uses
      None
Comment: WAITCOMMAND unused
WAITDATA 00000000

Symbol: WAITDATA
   Definitions
      At line 21 in file nokia.s
   Uses
      None
Comment: WAITDATA unused



ARM Macro Assembler    Page 4 Alphabetic symbol ordering
External symbols

18 symbols
413 symbols in table
